// Jest Snapshot v1, https://goo.gl/fbAQLP

exports[`When invoked a PointEnder component - serving player 1 Should render PointEnder component 1`] = `
<View
  style={
    Object {
      "flexDirection": "row",
    }
  }
>
  <View
    style={
      Object {
        "left": "6%",
        "marginTop": 10,
      }
    }
  >
    <View
      accessible={true}
      focusable={true}
      onClick={[Function]}
      onResponderGrant={[Function]}
      onResponderMove={[Function]}
      onResponderRelease={[Function]}
      onResponderTerminate={[Function]}
      onResponderTerminationRequest={[Function]}
      onStartShouldSetResponder={[Function]}
      style={
        Object {
          "alignItems": "center",
          "backgroundColor": "white",
          "borderRadius": 15,
          "display": "flex",
          "height": 140,
          "justifyContent": "center",
          "marginVertical": 5,
          "opacity": 1,
          "shadowColor": "black",
          "shadowOffset": Object {
            "height": 3,
            "width": 3,
          },
          "shadowOpacity": 0.25,
          "shadowRadius": 4,
          "textAlign": "center",
          "width": 140,
        }
      }
    >
      <Text
        style={
          Object {
            "color": "#F68A5B",
            "fontSize": 28,
            "textAlign": "center",
          }
        }
        testID="UnforecedError1"
      >
        Unforced Error
      </Text>
    </View>
    <View
      accessible={true}
      focusable={true}
      onClick={[Function]}
      onResponderGrant={[Function]}
      onResponderMove={[Function]}
      onResponderRelease={[Function]}
      onResponderTerminate={[Function]}
      onResponderTerminationRequest={[Function]}
      onStartShouldSetResponder={[Function]}
      style={
        Object {
          "alignItems": "center",
          "backgroundColor": "white",
          "borderRadius": 15,
          "display": "flex",
          "height": 140,
          "justifyContent": "center",
          "marginVertical": 5,
          "opacity": 1,
          "shadowColor": "black",
          "shadowOffset": Object {
            "height": 3,
            "width": 3,
          },
          "shadowOpacity": 0.25,
          "shadowRadius": 4,
          "textAlign": "center",
          "width": 140,
        }
      }
    >
      <Text
        style={
          Object {
            "color": "#F5BF00",
            "fontSize": 28,
            "textAlign": "center",
          }
        }
        testID="ForecedError1"
      >
        Forced Error
      </Text>
    </View>
    <View
      accessible={true}
      focusable={true}
      onClick={[Function]}
      onResponderGrant={[Function]}
      onResponderMove={[Function]}
      onResponderRelease={[Function]}
      onResponderTerminate={[Function]}
      onResponderTerminationRequest={[Function]}
      onStartShouldSetResponder={[Function]}
      style={
        Object {
          "alignItems": "center",
          "backgroundColor": "white",
          "borderRadius": 15,
          "display": "flex",
          "height": 140,
          "justifyContent": "center",
          "marginVertical": 5,
          "opacity": 1,
          "shadowColor": "black",
          "shadowOffset": Object {
            "height": 3,
            "width": 3,
          },
          "shadowOpacity": 0.25,
          "shadowRadius": 4,
          "textAlign": "center",
          "width": 140,
        }
      }
    >
      <Text
        style={
          Object {
            "color": "#8CE576",
            "fontSize": 28,
            "textAlign": "center",
          }
        }
        testID="Winner1"
      >
        Winner
      </Text>
    </View>
  </View>
  <View
    style={
      Object {
        "left": "18%",
        "marginTop": 10,
      }
    }
  >
    <View
      accessible={true}
      focusable={true}
      onClick={[Function]}
      onResponderGrant={[Function]}
      onResponderMove={[Function]}
      onResponderRelease={[Function]}
      onResponderTerminate={[Function]}
      onResponderTerminationRequest={[Function]}
      onStartShouldSetResponder={[Function]}
      style={
        Object {
          "alignItems": "center",
          "backgroundColor": "white",
          "borderRadius": 15,
          "display": "flex",
          "height": 140,
          "justifyContent": "center",
          "marginVertical": 5,
          "opacity": 1,
          "shadowColor": "black",
          "shadowOffset": Object {
            "height": 3,
            "width": 3,
          },
          "shadowOpacity": 0.25,
          "shadowRadius": 4,
          "textAlign": "center",
          "width": 140,
        }
      }
    >
      <Text
        style={
          Object {
            "color": "#F68A5B",
            "fontSize": 28,
            "textAlign": "center",
          }
        }
        testID="UnforecedError2"
      >
        Unforced Error
      </Text>
    </View>
    <View
      accessible={true}
      focusable={true}
      onClick={[Function]}
      onResponderGrant={[Function]}
      onResponderMove={[Function]}
      onResponderRelease={[Function]}
      onResponderTerminate={[Function]}
      onResponderTerminationRequest={[Function]}
      onStartShouldSetResponder={[Function]}
      style={
        Object {
          "alignItems": "center",
          "backgroundColor": "white",
          "borderRadius": 15,
          "display": "flex",
          "height": 140,
          "justifyContent": "center",
          "marginVertical": 5,
          "opacity": 1,
          "shadowColor": "black",
          "shadowOffset": Object {
            "height": 3,
            "width": 3,
          },
          "shadowOpacity": 0.25,
          "shadowRadius": 4,
          "textAlign": "center",
          "width": 140,
        }
      }
    >
      <Text
        style={
          Object {
            "color": "#F5BF00",
            "fontSize": 28,
            "textAlign": "center",
          }
        }
        testID="ForecedError2"
      >
        Forced Error
      </Text>
    </View>
    <View
      accessible={true}
      focusable={true}
      onClick={[Function]}
      onResponderGrant={[Function]}
      onResponderMove={[Function]}
      onResponderRelease={[Function]}
      onResponderTerminate={[Function]}
      onResponderTerminationRequest={[Function]}
      onStartShouldSetResponder={[Function]}
      style={
        Object {
          "alignItems": "center",
          "backgroundColor": "white",
          "borderRadius": 15,
          "display": "flex",
          "height": 140,
          "justifyContent": "center",
          "marginVertical": 5,
          "opacity": 1,
          "shadowColor": "black",
          "shadowOffset": Object {
            "height": 3,
            "width": 3,
          },
          "shadowOpacity": 0.25,
          "shadowRadius": 4,
          "textAlign": "center",
          "width": 140,
        }
      }
    >
      <Text
        style={
          Object {
            "color": "#8CE576",
            "fontSize": 28,
            "textAlign": "center",
          }
        }
        testID="Winner2"
      >
        Winner
      </Text>
    </View>
  </View>
</View>
`;
